// Jest Snapshot v1, https://goo.gl/fbAQLP

exports[`formats a message 1`] = `
"[32m- Expected[39m
[31m+ Received[39m

[2m  [22m
[37m-     .css-1otybxc,[39m
[37m-     [data-css-1otybxc] {[39m
[37m+     .css-i77z7r,[39m
[37m+     [data-css-i77z7r] {[39m
[2m        padding: 4em;[22m
[32m-       background: papayawhip;[39m
[31m+       background: blue;[39m
[2m      }[22m
[2m  [22m
[37m-     .css-1tnuino,[39m
[37m-     [data-css-1tnuino] {[39m
[37m+     .css-1252hns,[39m
[37m+     [data-css-1252hns] {[39m
[2m        font-size: 1.5em;[22m
[32m-       text-align: center;[39m
[31m+       text-align: left;[39m
[2m        color: palevioletred;[22m
[2m      }[22m
[2m  [22m
[2m      <section[22m
[37m-       className=\\"css-1otybxc\\"[39m
[37m+       className=\\"css-i77z7r\\"[39m
[2m      >[22m
[2m        <h1[22m
[37m-         className=\\"css-1tnuino\\"[39m
[37m+         className=\\"css-1252hns\\"[39m
[2m        >[22m
[2m          Hello World, this is my first glamor styled component![22m
[2m        </h1>[22m
[2m      </section>[22m
[2m    [22m"
`;
